// Jest Snapshot v1, https://goo.gl/fbAQLP

exports[`actionCellFormatter render 1`] = `
<div
  title="Task cannot be canceled"
>
  <ActionButton
    availableActions={
      Object {
        "cancellable": false,
      }
    }
    id="some-id"
    modalActions={Object {}}
    name="some-name"
  />
</div>
`;
