// Jest Snapshot v1, https://goo.gl/fbAQLP

exports[`TaskDetails - Actions should fetch-task-details and success 1`] = `
Array [
  Array [
    Object {
      "type": "FOREMAN_TASK_DETAILS_FETCH_TASK_REQUEST",
    },
  ],
  Array [
    Object {
      "payload": "some-data",
      "type": "FOREMAN_TASK_DETAILS_FETCH_TASK_SUCCESS",
    },
  ],
]
`;

exports[`TaskDetails - Actions should start reload 1`] = `
Object {
  "payload": Object {
    "id": undefined,
    "refetchTaskDetails": undefined,
    "timeoutId": 1,
  },
  "type": "FOREMAN_TASK_DETAILS_START_PULLING",
}
`;

exports[`TaskDetails - Actions should stop reload 1`] = `
Object {
  "payload": Object {
    "timeoutId": 2,
  },
  "type": "FOREMAN_TASK_DETAILS_STOP_PULLING",
}
`;
