// Jest Snapshot v1, https://goo.gl/fbAQLP

exports[`TaskDetails - Reducer should handle FOREMAN_TASK_DETAILS_FETCH_TASK_SUCCESS 1`] = `
Object {
  "data": "some-payload",
  "loading": false,
  "taskReload": undefined,
  "timeoutId": undefined,
}
`;

exports[`TaskDetails - Reducer should handle FOREMAN_TASK_DETAILS_START_POLLING 1`] = `
Object {
  "taskReload": true,
  "timeoutId": 1,
}
`;

exports[`TaskDetails - Reducer should handle FOREMAN_TASK_DETAILS_STOP_POLLING 1`] = `
Object {
  "taskReload": false,
  "timeoutId": null,
}
`;

exports[`TaskDetails - Reducer should return the initial state 1`] = `Object {}`;
