// Jest Snapshot v1, https://goo.gl/fbAQLP

exports[`RunningSteps rendering render with Props 1`] = `
<div>
  <Alert
    className=""
    key="0"
    onDismiss={null}
    type="warning"
  >
    <p>
      <span>
        Action
        :
      </span>
      <span />
    </p>
    <pre>
      test
    </pre>
    <p>
      <span>
        State
        :
      </span>
      <span>
        paused
      </span>
    </p>
    <span>
      Input
      :
    </span>
    <span>
      <pre>
        {"locale"=&gt;"en",
 "current_request_id"=&gt;nil,
 "current_user_id"=&gt;4,
 "current_organization_id"=&gt;nil,
 "current_location_id"=&gt;nil}

      </pre>
    </span>
    <span>
      Output
      :
    </span>
    <span>
      <pre>
        {}

      </pre>
    </span>
  </Alert>
</div>
`;

exports[`RunningSteps rendering render without Props 1`] = `
<span>
  No running steps
</span>
`;
