// Jest Snapshot v1, https://goo.gl/fbAQLP

exports[`TasksDashboard - Selectors should select clicked 1`] = `
Object {
  "taskId": "1",
  "taskName": "test-task",
}
`;

exports[`TasksDashboard - Selectors should select selectedRowsLen 1 1`] = `3`;

exports[`TasksDashboard - Selectors should select selectedRowsLen all 1`] = `3`;

exports[`TasksDashboard - Selectors should select selectedRowsLen some 1`] = `0`;

exports[`TasksDashboard - Selectors should select selectedTasks 1`] = `
Array [
  Object {
    "canEdit": true,
    "id": 1,
    "isCancellable": true,
    "isResumable": undefined,
    "name": "action1",
  },
  Object {
    "canEdit": undefined,
    "id": 2,
    "isCancellable": undefined,
    "isResumable": true,
    "name": "action2",
  },
]
`;
