// Jest Snapshot v1, https://goo.gl/fbAQLP

exports[`SubTasksPage rendering render with minimal props 1`] = `
<Connect(TasksTablePage)
  bulkCancelById={[MockFunction]}
  bulkCancelBySearch={[MockFunction]}
  bulkResumeById={[MockFunction]}
  bulkResumeBySearch={[MockFunction]}
  cancelTask={[MockFunction]}
  createHeader={[Function]}
  getBreadcrumbs={[MockFunction]}
  getTableItems={[MockFunction]}
  history={
    Object {
      "location": Object {
        "search": "",
      },
    }
  }
  itemCount={2}
  match={
    Object {
      "params": Object {
        "id": "some-id",
      },
    }
  }
  modalProps={
    Object {
      "cancelModal": Object {},
      "cancelSelectedModal": Object {},
      "resumeModal": Object {},
      "resumeSelectedModal": Object {},
    }
  }
  openClickedModal={[MockFunction]}
  pagination={
    Object {
      "page": 1,
      "perPage": 10,
    }
  }
  parentTaskID="some-id"
  results={
    Array [
      "a",
      "b",
    ]
  }
  resumeTask={[MockFunction]}
  selectAllRows={[MockFunction]}
  selectPage={[MockFunction]}
  selectRow={[MockFunction]}
  selectedRows={Array []}
  sort={
    Object {
      "by": "q",
      "order": "w",
    }
  }
  status="RESOLVED"
  unselectAllRows={[MockFunction]}
  unselectRow={[MockFunction]}
/>
`;
