// Jest Snapshot v1, https://goo.gl/fbAQLP

exports[`TasksTable actions should selectPage and succeed 1`] = `
Array [
  Array [
    Object {
      "payload": Array [
        "some-id",
      ],
      "type": "SELECT_ROWS",
    },
  ],
  Array [
    Object {
      "type": "OPEN_SELECT_ALL",
    },
  ],
]
`;
