// Jest Snapshot v1, https://goo.gl/fbAQLP

exports[`TasksIndexPage rendering render with minimal props 1`] = `
<Connect(TasksTablePage)
  actionSelected={[MockFunction]}
  cancelTask={[MockFunction]}
  getBreadcrumbs={[MockFunction]}
  getTableItems={[MockFunction]}
  history={
    Object {
      "location": Object {
        "search": "",
      },
    }
  }
  itemCount={2}
  modalProps={
    Object {
      "cancelModal": Object {},
      "cancelSelectedModal": Object {},
      "resumeModal": Object {},
      "resumeSelectedModal": Object {},
    }
  }
  openClickedModal={[MockFunction]}
  pagination={
    Object {
      "page": 1,
      "perPage": 10,
    }
  }
  results={
    Array [
      "a",
      "b",
    ]
  }
  resumeTask={[MockFunction]}
  selectAllRows={[MockFunction]}
  selectRow={[MockFunction]}
  selectedRows={Array []}
  sort={
    Object {
      "by": "q",
      "order": "w",
    }
  }
  status="RESOLVED"
  unselectAllRows={[MockFunction]}
  unselectRow={[MockFunction]}
/>
`;
