// Jest Snapshot v1, https://goo.gl/fbAQLP

exports[`TasksIndexPage rendering render with minimal props 1`] = `
<Connect(TasksTablePage)
  cancelTaskAction={[MockFunction]}
  getBreadcrumbs={[MockFunction]}
  getTableItems={[MockFunction]}
  history={
    Object {
      "location": Object {
        "search": "",
      },
    }
  }
  itemCount={2}
  location={
    Object {
      "pathname": "",
    }
  }
  pagination={
    Object {
      "page": 1,
      "perPage": 10,
    }
  }
  results={
    Array [
      "a",
      "b",
    ]
  }
  sort={
    Object {
      "by": "q",
      "order": "w",
    }
  }
  status="RESOLVED"
/>
`;
