// Jest Snapshot v1, https://goo.gl/fbAQLP

exports[`ForemanTasksRoutes should create routes 1`] = `
Object {
  "indexTasks": Object {
    "exact": true,
    "path": "/foreman_tasks/tasks",
    "render": [Function],
    "renderResult": <TasksIndexPage
      some="props"
    />,
  },
  "showTask": Object {
    "path": "/foreman_tasks/ex_tasks/:id",
    "render": [Function],
    "renderResult": <ShowTask
      some="props"
    />,
  },
  "subTasks": Object {
    "exact": true,
    "path": "/foreman_tasks/tasks/:id/sub_tasks",
    "render": [Function],
    "renderResult": <SubTasksPage
      match={
        Object {
          "params": Object {},
        }
      }
      some="props"
    />,
  },
}
`;
